2026-05-26 14:39:30.486 | ERROR    | run:370 — ❌ FALHA NO FLUXO: ElementNotFoundError: {'title': 'FórmulaCerta Autenticação de Usuário', 'backend': 'uia', 'process': 18020}
2026-05-26 14:39:30.629 | ERROR    | run:371 — Traceback (most recent call last):
  File "C:\QA\teste automatizados\V1\.venv\Lib\site-packages\pywinauto\application.py", line 250, in __resolve_control
    ctrl = wait_until_passes(
        timeout,
    ...<5 lines>...
         controls.InvalidElement),
        criteria)
  File "C:\QA\teste automatizados\V1\.venv\Lib\site-packages\pywinauto\timings.py", line 458, in wait_until_passes
    raise err
pywinauto.timings.TimeoutError

During handling of the above exception, another exception occurred:

Traceback (most recent call last):
  File "C:\QA\teste automatizados\V1\flows\Receitas\CT-168635.py", line 346, in run
    etapa_login(app)
    ~~~~~~~~~~~^^^^^
  File "C:\QA\teste automatizados\V1\flows\Receitas\CT-168635.py", line 122, in etapa_login
    login.set_focus()
    ^^^^^^^^^^^^^^^
  File "C:\QA\teste automatizados\V1\.venv\Lib\site-packages\pywinauto\application.py", line 396, in __getattribute__
    ctrls = self.__resolve_control(self.criteria)
  File "C:\QA\teste automatizados\V1\.venv\Lib\site-packages\pywinauto\application.py", line 261, in __resolve_control
    raise e.original_exception
  File "C:\QA\teste automatizados\V1\.venv\Lib\site-packages\pywinauto\timings.py", line 436, in wait_until_passes
    func_val = func(*args, **kwargs)
  File "C:\QA\teste automatizados\V1\.venv\Lib\site-packages\pywinauto\application.py", line 203, in __get_ctrl
    dialog = self.backend.generic_wrapper_class(findwindows.find_element(**criteria[0]))
                                                ~~~~~~~~~~~~~~~~~~~~~~~~^^^^^^^^^^^^^^^
  File "C:\QA\teste automatizados\V1\.venv\Lib\site-packages\pywinauto\findwindows.py", line 87, in find_element
    raise ElementNotFoundError(kwargs)
pywinauto.findwindows.ElementNotFoundError: {'title': 'FórmulaCerta Autenticação de Usuário', 'backend': 'uia', 'process': 18020}

2026-05-26 14:40:59.196 | ERROR    | run:370 — ❌ FALHA NO FLUXO: TimeoutError: Janela 'Login' não apareceu em 25s
2026-05-26 14:40:59.220 | ERROR    | run:371 — Traceback (most recent call last):
  File "C:\QA\teste automatizados\V1\flows\Receitas\CT-168635.py", line 342, in run
    main = wait_window(app, r".*FórmulaCerta.*", timeout=5, label="Principal")
           ~~~~~~~~~~~^^^^^^^^^^^^^^^^^^^^^^^^^^^^^^^^^^^^^^^^^^^^^^^^^^^^^^^^
  File "C:\QA\teste automatizados\V1\core\actions.py", line 91, in wait_window
    raise TimeoutError(f"Janela '{label}' não apareceu em {timeout}s")
TimeoutError: Janela 'Principal' não apareceu em 5s

During handling of the above exception, another exception occurred:

Traceback (most recent call last):
  File "C:\QA\teste automatizados\V1\flows\Receitas\CT-168635.py", line 346, in run
    etapa_login(app)
    ~~~~~~~~~~~^^^^^
  File "C:\QA\teste automatizados\V1\flows\Receitas\CT-168635.py", line 121, in etapa_login
    login = wait_window_exact(app, WIN_LOGIN, timeout=25, label="Login")
  File "C:\QA\teste automatizados\V1\core\actions.py", line 128, in wait_window_exact
    raise TimeoutError(f"Janela '{label}' não apareceu em {timeout}s")
TimeoutError: Janela 'Login' não apareceu em 25s

2026-05-26 14:46:49.914 | ERROR    | run:370 — ❌ FALHA NO FLUXO: TimeoutError: Janela 'Principal' não apareceu em 20s
2026-05-26 14:46:49.927 | ERROR    | run:371 — Traceback (most recent call last):
  File "C:\QA\teste automatizados\V1\flows\Receitas\CT-168635.py", line 342, in run
    main = wait_window(app, r".*FórmulaCerta.*", timeout=5, label="Principal")
           ~~~~~~~~~~~^^^^^^^^^^^^^^^^^^^^^^^^^^^^^^^^^^^^^^^^^^^^^^^^^^^^^^^^
  File "C:\QA\teste automatizados\V1\core\actions.py", line 91, in wait_window
    raise TimeoutError(f"Janela '{label}' não apareceu em {timeout}s")
TimeoutError: Janela 'Principal' não apareceu em 5s

During handling of the above exception, another exception occurred:

Traceback (most recent call last):
  File "C:\QA\teste automatizados\V1\flows\Receitas\CT-168635.py", line 347, in run
    main = wait_window(app, r".*FórmulaCerta.*", timeout=20, label="Principal")
           ~~~~~~~~~~~^^^^^^^^^^^^^^^^^^^^^^^^^^^^^^^^^^^^^^^^^^^^^^^^^^^^^^^^^
  File "C:\QA\teste automatizados\V1\core\actions.py", line 91, in wait_window
    raise TimeoutError(f"Janela '{label}' não apareceu em {timeout}s")
TimeoutError: Janela 'Principal' não apareceu em 20s

2026-05-26 15:00:13.459 | ERROR    | run:370 — ❌ FALHA NO FLUXO: TimeoutError: Janela 'Principal' não apareceu em 20s
2026-05-26 15:00:13.477 | ERROR    | run:371 — Traceback (most recent call last):
  File "C:\QA\teste automatizados\V1\flows\Receitas\CT-168635.py", line 342, in run
    main = wait_window(app, r".*FórmulaCerta.*", timeout=5, label="Principal")
           ~~~~~~~~~~~^^^^^^^^^^^^^^^^^^^^^^^^^^^^^^^^^^^^^^^^^^^^^^^^^^^^^^^^
  File "C:\QA\teste automatizados\V1\core\actions.py", line 91, in wait_window
    raise TimeoutError(f"Janela '{label}' não apareceu em {timeout}s")
TimeoutError: Janela 'Principal' não apareceu em 5s

During handling of the above exception, another exception occurred:

Traceback (most recent call last):
  File "C:\QA\teste automatizados\V1\flows\Receitas\CT-168635.py", line 347, in run
    main = wait_window(app, r".*FórmulaCerta.*", timeout=20, label="Principal")
           ~~~~~~~~~~~^^^^^^^^^^^^^^^^^^^^^^^^^^^^^^^^^^^^^^^^^^^^^^^^^^^^^^^^^
  File "C:\QA\teste automatizados\V1\core\actions.py", line 91, in wait_window
    raise TimeoutError(f"Janela '{label}' não apareceu em {timeout}s")
TimeoutError: Janela 'Principal' não apareceu em 20s

2026-05-26 15:15:35.060 | ERROR    | run:370 — ❌ FALHA NO FLUXO: TimeoutError: Janela 'Principal' não apareceu em 20s
2026-05-26 15:15:35.113 | ERROR    | run:371 — Traceback (most recent call last):
  File "C:\QA\teste automatizados\V1\flows\Receitas\CT-168635.py", line 342, in run
    main = wait_window(app, r".*FórmulaCerta.*", timeout=5, label="Principal")
           ~~~~~~~~~~~^^^^^^^^^^^^^^^^^^^^^^^^^^^^^^^^^^^^^^^^^^^^^^^^^^^^^^^^
  File "C:\QA\teste automatizados\V1\core\actions.py", line 91, in wait_window
    raise TimeoutError(f"Janela '{label}' não apareceu em {timeout}s")
TimeoutError: Janela 'Principal' não apareceu em 5s

During handling of the above exception, another exception occurred:

Traceback (most recent call last):
  File "C:\QA\teste automatizados\V1\flows\Receitas\CT-168635.py", line 347, in run
    main = wait_window(app, r".*FórmulaCerta.*", timeout=20, label="Principal")
           ~~~~~~~~~~~^^^^^^^^^^^^^^^^^^^^^^^^^^^^^^^^^^^^^^^^^^^^^^^^^^^^^^^^^
  File "C:\QA\teste automatizados\V1\core\actions.py", line 91, in wait_window
    raise TimeoutError(f"Janela '{label}' não apareceu em {timeout}s")
TimeoutError: Janela 'Principal' não apareceu em 20s

2026-05-26 15:51:51.883 | ERROR    | run:370 — ❌ FALHA NO FLUXO: TimeoutError: Janela 'Principal' não apareceu em 20s
2026-05-26 15:51:51.895 | ERROR    | run:371 — Traceback (most recent call last):
  File "C:\QA\teste automatizados\V1\flows\Receitas\CT-168635.py", line 342, in run
    main = wait_window(app, r".*FórmulaCerta.*", timeout=5, label="Principal")
           ~~~~~~~~~~~^^^^^^^^^^^^^^^^^^^^^^^^^^^^^^^^^^^^^^^^^^^^^^^^^^^^^^^^
  File "C:\QA\teste automatizados\V1\core\actions.py", line 91, in wait_window
    raise TimeoutError(f"Janela '{label}' não apareceu em {timeout}s")
TimeoutError: Janela 'Principal' não apareceu em 5s

During handling of the above exception, another exception occurred:

Traceback (most recent call last):
  File "C:\QA\teste automatizados\V1\flows\Receitas\CT-168635.py", line 347, in run
    main = wait_window(app, r".*FórmulaCerta.*", timeout=20, label="Principal")
           ~~~~~~~~~~~^^^^^^^^^^^^^^^^^^^^^^^^^^^^^^^^^^^^^^^^^^^^^^^^^^^^^^^^^
  File "C:\QA\teste automatizados\V1\core\actions.py", line 91, in wait_window
    raise TimeoutError(f"Janela '{label}' não apareceu em {timeout}s")
TimeoutError: Janela 'Principal' não apareceu em 20s

2026-05-26 16:22:05.301 | ERROR    | run:370 — ❌ FALHA NO FLUXO: TimeoutError: Janela 'Principal' não apareceu em 20s
2026-05-26 16:22:05.359 | ERROR    | run:371 — Traceback (most recent call last):
  File "C:\QA\teste automatizados\V1\flows\Receitas\CT-168635.py", line 342, in run
    main = wait_window(app, r".*FórmulaCerta.*", timeout=5, label="Principal")
           ~~~~~~~~~~~^^^^^^^^^^^^^^^^^^^^^^^^^^^^^^^^^^^^^^^^^^^^^^^^^^^^^^^^
  File "C:\QA\teste automatizados\V1\core\actions.py", line 91, in wait_window
    raise TimeoutError(f"Janela '{label}' não apareceu em {timeout}s")
TimeoutError: Janela 'Principal' não apareceu em 5s

During handling of the above exception, another exception occurred:

Traceback (most recent call last):
  File "C:\QA\teste automatizados\V1\flows\Receitas\CT-168635.py", line 347, in run
    main = wait_window(app, r".*FórmulaCerta.*", timeout=20, label="Principal")
           ~~~~~~~~~~~^^^^^^^^^^^^^^^^^^^^^^^^^^^^^^^^^^^^^^^^^^^^^^^^^^^^^^^^^
  File "C:\QA\teste automatizados\V1\core\actions.py", line 91, in wait_window
    raise TimeoutError(f"Janela '{label}' não apareceu em {timeout}s")
TimeoutError: Janela 'Principal' não apareceu em 20s

2026-05-26 16:56:25.540 | ERROR    | run:371 — ❌ FALHA NO FLUXO: TimeoutError: Janela 'Principal' não apareceu em 20s
2026-05-26 16:56:25.630 | ERROR    | run:372 — Traceback (most recent call last):
  File "C:\QA\teste automatizados\V1\flows\Receitas\CT-168635.py", line 343, in run
    main = wait_window(app, r".*FórmulaCerta.*", timeout=5, label="Principal")
           ~~~~~~~~~~~^^^^^^^^^^^^^^^^^^^^^^^^^^^^^^^^^^^^^^^^^^^^^^^^^^^^^^^^
  File "C:\QA\teste automatizados\V1\core\actions.py", line 91, in wait_window
    raise TimeoutError(f"Janela '{label}' não apareceu em {timeout}s")
TimeoutError: Janela 'Principal' não apareceu em 5s

During handling of the above exception, another exception occurred:

Traceback (most recent call last):
  File "C:\QA\teste automatizados\V1\flows\Receitas\CT-168635.py", line 348, in run
    main = wait_window(app, r".*FórmulaCerta.*", timeout=20, label="Principal")
           ~~~~~~~~~~~^^^^^^^^^^^^^^^^^^^^^^^^^^^^^^^^^^^^^^^^^^^^^^^^^^^^^^^^^
  File "C:\QA\teste automatizados\V1\core\actions.py", line 91, in wait_window
    raise TimeoutError(f"Janela '{label}' não apareceu em {timeout}s")
TimeoutError: Janela 'Principal' não apareceu em 20s

