2026-06-04 23:29:41.519 | ERROR    | run:230 — ❌ FALHA NO FLUXO: COMError: (-2147220991, 'Um evento não pôde chamar assinantes', (None, None, None, 0, None))
2026-06-04 23:29:41.563 | ERROR    | run:231 — Traceback (most recent call last):
  File "c:\QA\teste automatizados\autotest\V1\flows\Receitas\CT-168635.py", line 219, in run
    etapa_incluir_receitas(app_receitas, receitas)
    ~~~~~~~~~~~~~~~~~~~~~~^^^^^^^^^^^^^^^^^^^^^^^^
  File "c:\QA\teste automatizados\autotest\V1\flows\Receitas\CT-168635.py", line 95, in etapa_incluir_receitas
    receitas.type_keys("{F2}")
    ^^^^^^^^^^^^^^^^^^
  File "C:\QA\teste automatizados\autotest\V1\.venv\Lib\site-packages\pywinauto\application.py", line 396, in __getattribute__
    ctrls = self.__resolve_control(self.criteria)
  File "C:\QA\teste automatizados\autotest\V1\.venv\Lib\site-packages\pywinauto\application.py", line 250, in __resolve_control
    ctrl = wait_until_passes(
        timeout,
    ...<5 lines>...
         controls.InvalidElement),
        criteria)
  File "C:\QA\teste automatizados\autotest\V1\.venv\Lib\site-packages\pywinauto\timings.py", line 436, in wait_until_passes
    func_val = func(*args, **kwargs)
  File "C:\QA\teste automatizados\autotest\V1\.venv\Lib\site-packages\pywinauto\application.py", line 203, in __get_ctrl
    dialog = self.backend.generic_wrapper_class(findwindows.find_element(**criteria[0]))
                                                ~~~~~~~~~~~~~~~~~~~~~~~~^^^^^^^^^^^^^^^
  File "C:\QA\teste automatizados\autotest\V1\.venv\Lib\site-packages\pywinauto\findwindows.py", line 84, in find_element
    elements = find_elements(**kwargs)
  File "C:\QA\teste automatizados\autotest\V1\.venv\Lib\site-packages\pywinauto\findwindows.py", line 181, in find_elements
    return [backend_obj.element_info_class(handle), ]
            ~~~~~~~~~~~~~~~~~~~~~~~~~~~~~~^^^^^^^^
  File "C:\QA\teste automatizados\autotest\V1\.venv\Lib\site-packages\pywinauto\uia_element_info.py", line 71, in __init__
    self._element = IUIA().iuia.ElementFromHandle(handle_or_elem)
                    ~~~~~~~~~~~~~~~~~~~~~~~~~~~~~^^^^^^^^^^^^^^^^
_ctypes.COMError: (-2147220991, 'Um evento não pôde chamar assinantes', (None, None, None, 0, None))

