2026-06-01 16:44:17.844 | ERROR    | run:357 — ❌ FALHA NO FLUXO: TimeoutError: Processo 'FCReceitas.exe' não encontrado em 20s
2026-06-01 16:44:17.848 | ERROR    | run:358 — Traceback (most recent call last):
  File "C:\QA\teste automatizados\autotest\V1\flows\Receitas\CT-168635.py", line 342, in run
    etapa_incluir_receitas()
    ~~~~~~~~~~~~~~~~~~~~~~^^
  File "C:\QA\teste automatizados\autotest\V1\flows\Receitas\CT-168635.py", line 161, in etapa_incluir_receitas
    app_receitas = wait_app_by_exe("FCReceitas.exe", timeout=20)
  File "C:\QA\teste automatizados\autotest\V1\core\actions.py", line 281, in wait_app_by_exe
    raise TimeoutError(f"Processo '{exe_name}' não encontrado em {timeout}s")
TimeoutError: Processo 'FCReceitas.exe' não encontrado em 20s

2026-06-01 16:51:24.658 | ERROR    | run:357 — ❌ FALHA NO FLUXO: TimeoutError: Processo 'FCReceitas.exe' não encontrado em 20s
2026-06-01 16:51:24.662 | ERROR    | run:358 — Traceback (most recent call last):
  File "C:\QA\teste automatizados\autotest\V1\flows\Receitas\CT-168635.py", line 342, in run
    etapa_incluir_receitas()
    ~~~~~~~~~~~~~~~~~~~~~~^^
  File "C:\QA\teste automatizados\autotest\V1\flows\Receitas\CT-168635.py", line 161, in etapa_incluir_receitas
    app_receitas = wait_app_by_exe("FCReceitas.exe", timeout=20)
  File "C:\QA\teste automatizados\autotest\V1\core\actions.py", line 281, in wait_app_by_exe
    raise TimeoutError(f"Processo '{exe_name}' não encontrado em {timeout}s")
TimeoutError: Processo 'FCReceitas.exe' não encontrado em 20s

2026-06-01 16:55:49.810 | ERROR    | run:357 — ❌ FALHA NO FLUXO: RuntimeError: No windows for that process could be found
2026-06-01 16:55:49.867 | ERROR    | run:358 — Traceback (most recent call last):
  File "C:\QA\teste automatizados\autotest\V1\flows\Receitas\CT-168635.py", line 345, in run
    alerta_validado = etapa_preencher_receita()
  File "C:\QA\teste automatizados\autotest\V1\flows\Receitas\CT-168635.py", line 221, in etapa_preencher_receita
    receitas = etapa_detectar_e_focar_receitas(app_receitas)
  File "C:\QA\teste automatizados\autotest\V1\flows\Receitas\CT-168635.py", line 137, in etapa_detectar_e_focar_receitas
    receitas = app_receitas.top_window()
  File "C:\Users\wisan01\AppData\Local\Programs\Python\Python314\Lib\site-packages\pywinauto\application.py", line 1156, in top_window
    raise RuntimeError("No windows for that process could be found")
RuntimeError: No windows for that process could be found

2026-06-01 17:01:36.177 | ERROR    | run:357 — ❌ FALHA NO FLUXO: TimeoutError: Janela 'TfrVisual' não apareceu em 10s
2026-06-01 17:01:36.180 | ERROR    | run:358 — Traceback (most recent call last):
  File "C:\QA\teste automatizados\autotest\V1\flows\Receitas\CT-168635.py", line 345, in run
    alerta_validado = etapa_preencher_receita()
  File "C:\QA\teste automatizados\autotest\V1\flows\Receitas\CT-168635.py", line 235, in etapa_preencher_receita
    cad_cli = wait_window(app_receitas, "Cadastro de Clientes", timeout=10, label="TfrVisual")
  File "C:\QA\teste automatizados\autotest\V1\core\actions.py", line 259, in wait_window
    raise TimeoutError(f"Janela '{label}' não apareceu em {timeout}s")
TimeoutError: Janela 'TfrVisual' não apareceu em 10s

